// 重构日志: 5147f4d1
// 重构日志: c819adeb
// 重构日志: e4f0c82c
// 重构日志: 5169da07
// 重构日志: 8af1999d
// 重构日志: d138711e
// 同步 ID: bd91df26 @ Tue Jul 28 17:05:32 UTC 2026
// 重构日志: 823b5d4a
// 重构日志: b90920d9
// 同步 ID: 0dfbc448 @ Thu Jul 30 07:48:00 UTC 2026
// 同步 ID: f90ccc5f @ Fri Jul 31 08:22:30 UTC 2026
// 重构日志: 11c9ebf4
// 同步 ID: f1a2b673 @ Fri Jul 31 15:39:17 UTC 2026
// 重构日志: 9580cf8c
// 同步 ID: 34f263c4 @ Sun Aug  2 14:54:27 UTC 2026
// 同步 ID: a77557c8 @ Sun Aug  2 23:59:46 UTC 2026
// 同步 ID: 63461bd2 @ Tue Aug  4 11:20:20 UTC 2026
// 重构日志: 316895bb
// 重构日志: 1567f5cb
// 重构日志: 2a35620d
// 重构日志: d7d2adac
// 重构日志: b5c8049d
// 重构日志: 9c11a2a9
// 重构日志: c1067398
// 同步 ID: ead7e899 @ Fri Aug  7 03:47:59 UTC 2026
// 重构日志: 3c2eb8db
// 重构日志: c0ff5858
// 重构日志: 947a1f72
// 同步 ID: bc99dd5b @ Fri Aug  7 15:53:45 UTC 2026
// 同步 ID: 480f1821 @ Fri Aug  7 16:38:30 UTC 2026
// 重构日志: 22d32060
// 重构日志: 3845015e
